#-----------------------------------------------------------
# Vivado v2025.1 (64-bit)
# SW Build 6140274 on Thu May 22 00:12:29 MDT 2025
# IP Build 6138677 on Thu May 22 03:10:11 MDT 2025
# SharedData Build 6139179 on Tue May 20 17:58:58 MDT 2025
# Start of session at: Fri Jan  9 13:45:05 2026
# Process ID         : 24084
# Current directory  : D:/Career tracks/Digial_IC/07-IcDesign_Projects/08-Mano_Design/Computer_8bits/Computer_8bits.runs/impl_1
# Command line       : vivado.exe -log Mano_8bit.vdi -applog -product Vivado -messageDb vivado.pb -mode batch -source Mano_8bit.tcl -notrace
# Log file           : D:/Career tracks/Digial_IC/07-IcDesign_Projects/08-Mano_Design/Computer_8bits/Computer_8bits.runs/impl_1/Mano_8bit.vdi
# Journal file       : D:/Career tracks/Digial_IC/07-IcDesign_Projects/08-Mano_Design/Computer_8bits/Computer_8bits.runs/impl_1\vivado.jou
# Running On         : MohamedAyman
# Platform           : Windows Server 2016 or Windows 10
# Operating System   : 26200
# Processor Detail   : AMD Ryzen 7 5800H with Radeon Graphics         
# CPU Frequency      : 3194 MHz
# CPU Physical cores : 8
# CPU Logical cores  : 16
# Host memory        : 14877 MB
# Swap memory        : 5905 MB
# Total Virtual      : 20782 MB
# Available Virtual  : 6631 MB
#-----------------------------------------------------------
source Mano_8bit.tcl -notrace
